{
    "test_tabular_to_gsea_chip - stub": {
        "content": [
            {
                "0": [
                    "stub.chip:md5,d41d8cd98f00b204e9800998ecf8427e"
                ],
                "1": [
                    "versions.yml:md5,a422b1a01e86be433a25d1776d497f5a"
                ],
                "chip": [
                    "stub.chip:md5,d41d8cd98f00b204e9800998ecf8427e"
                ],
                "versions": [
                    "versions.yml:md5,a422b1a01e86be433a25d1776d497f5a"
                ]
            }
        ],
        "meta": {
            "nf-test": "0.9.0",
            "nextflow": "24.10.2"
        },
        "timestamp": "2024-12-06T21:03:06.781994447"
    },
    "test_tabular_to_gsea_chip": {
        "content": [
            {
                "0": [
                    "Mus_musculus.anno.feature_metadata.chip:md5,5abf60bb982bb2ff5b8b3e37f14a21e4"
                ],
                "1": [
                    "versions.yml:md5,a422b1a01e86be433a25d1776d497f5a"
                ],
                "chip": [
                    "Mus_musculus.anno.feature_metadata.chip:md5,5abf60bb982bb2ff5b8b3e37f14a21e4"
                ],
                "versions": [
                    "versions.yml:md5,a422b1a01e86be433a25d1776d497f5a"
                ]
            }
        ],
        "meta": {
            "nf-test": "0.9.0",
            "nextflow": "24.10.2"
        },
        "timestamp": "2024-12-06T21:02:58.608468636"
    }
}